main.c:45:6:task1	24	static
main.c:90:6:task2	24	static
main.c:127:6:task4	24	static
main.c:164:6:task5	24	static
main.c:215:6:task6	24	static
main.c:266:6:task7	24	static
main.c:317:6:task8	24	static
main.c:368:6:task9	24	static
main.c:419:6:task13	24	static
main.c:433:6:task10	24	static
main.c:485:6:task11	24	static
main.c:537:6:task12	24	static
main.c:588:6:task3	24	static
main.c:639:5:main	16	static
main.c:667:13:MX_USART2_UART_Init	8	static
main.c:685:6:printc	96	static
main.c:696:6:GPIO_INIT	64	static
main.c:730:6:EXTI15_10_IRQHandler	56	static,ignoring_inline_asm
main.c:814:6:Decode_CMD	128	static
main.c:833:6:USART2_IRQHandler	8	static
main.c:840:6:HAL_UART_RxCpltCallback	64	static,ignoring_inline_asm
main.c:938:6:Error_Handler	8	static
